// Jest Snapshot v1, https://goo.gl/fbAQLP

exports[`matches snapshot 1`] = `
<DocumentFragment>
  <form
    class="NewBoxForm"
  >
    <label
      for="width"
    >
      Width
    </label>
    <input
      id="width"
      name="width"
      placeholder="200px"
      type="text"
      value=""
    />
    <label
      for="height"
    >
      Height
    </label>
    <input
      id="height"
      name="height"
      placeholder="200px"
      type="text"
      value=""
    />
    <label
      for="backgroundColor"
    >
      Background Color
    </label>
    <select
      id="backgroundColor"
      name="backgroundColor"
    >
      <option
        value=""
      >
        Select color
      </option>
      <option
        value="red"
      >
        Red
      </option>
      <option
        value="blue"
      >
        Blue
      </option>
      <option
        value="green"
      >
        Green
      </option>
    </select>
    <button>
       Add Box 
    </button>
  </form>
</DocumentFragment>
`;
